// Jest Snapshot v1, https://goo.gl/fbAQLP

exports[`Menu Provider context snapshot should render children for snapshot 1`] = `
Object {
  "asFragment": [Function],
  "baseElement": <body>
    <div>
      <ul
        class="item-picker"
      >
        <li
          class="item"
        >
          <h2>
            Kale Caesar Pasta, Turmeric Satay Broccoli & Lemon Cashew Greens
          </h2>
          <p>
            <span
              class="dietary"
            >
              v
            </span>
            <span
              class="dietary"
            >
              ve
            </span>
            <span
              class="dietary"
            >
              df
            </span>
            <span
              class="dietary"
            >
              gf
            </span>
            <span
              class="dietary"
            >
              n!
            </span>
          </p>
        </li>
        <li
          class="item"
        >
          <h2>
            Hake & Smoky Chickpeas, Brown Rice & Quinoa, Roasted Roots
          </h2>
          <p>
            <span
              class="dietary"
            >
              gf
            </span>
            <span
              class="dietary"
            >
              df
            </span>
            <span
              class="dietary"
            >
              rsf
            </span>
          </p>
        </li>
        <li
          class="item"
        >
          <h2>
            Dill & Swiss Chard Potato Cakes, Summer Tabbouleh & Roasted Roots
          </h2>
          <p>
            <span
              class="dietary"
            >
              gf
            </span>
            <span
              class="dietary"
            >
              df
            </span>
            <span
              class="dietary"
            >
              v
            </span>
            <span
              class="dietary"
            >
              ve
            </span>
            <span
              class="dietary"
            >
              n!
            </span>
          </p>
        </li>
        <li
          class="item"
        >
          <h2>
            Hake & Smoky Chickpeas, Herby Potatoes & Turmeric Satay Broccoli
          </h2>
          <p>
            <span
              class="dietary"
            >
              df
            </span>
            <span
              class="dietary"
            >
              gf
            </span>
            <span
              class="dietary"
            >
              rsf
            </span>
            <span
              class="dietary"
            >
              n!
            </span>
          </p>
        </li>
        <li
          class="item"
        >
          <h2>
            Cuban Beef, Brown Rice & Quinoa, Green Pepper & Butterbean Salad
          </h2>
          <p>
            <span
              class="dietary"
            >
              gf
            </span>
            <span
              class="dietary"
            >
              df
            </span>
          </p>
        </li>
        <li
          class="item"
        >
          <h2>
            Thai Chicken, Brown Rice & Quinoa, Lemon & Cashew Greens
          </h2>
          <p>
            <span
              class="dietary"
            >
              gf
            </span>
            <span
              class="dietary"
            >
              df
            </span>
            <span
              class="dietary"
            >
              rsf
            </span>
            <span
              class="dietary"
            >
              n!
            </span>
          </p>
        </li>
        <li
          class="item"
        >
          <h2>
            Cuban Beef, Herby Potatoes & Turmeric Satay Broccoli
          </h2>
          <p>
            <span
              class="dietary"
            >
              gf
            </span>
            <span
              class="dietary"
            >
              df
            </span>
            <span
              class="dietary"
            >
              n!
            </span>
          </p>
        </li>
        <li
          class="item"
        >
          <h2>
            Thai Chicken, Brown Rice & Quinoa & Turmeric Satay Broccolli
          </h2>
          <p>
            <span
              class="dietary"
            >
              gf
            </span>
            <span
              class="dietary"
            >
              df
            </span>
            <span
              class="dietary"
            >
              rsf
            </span>
            <span
              class="dietary"
            >
              n!
            </span>
          </p>
        </li>
        <li
          class="item"
        >
          <h2>
            Mackerel Salad Box
          </h2>
          <p>
            <span
              class="dietary"
            >
              gf
            </span>
            <span
              class="dietary"
            >
              df
            </span>
          </p>
        </li>
        <li
          class="item"
        >
          <h2>
            Pasta Salad Box
          </h2>
          <p>
            <span
              class="dietary"
            >
              ve
            </span>
            <span
              class="dietary"
            >
              v
            </span>
            <span
              class="dietary"
            >
              gf
            </span>
            <span
              class="dietary"
            >
              df
            </span>
          </p>
        </li>
        <li
          class="item"
        >
          <h2>
            Tuna Salad Box
          </h2>
          <p />
        </li>
        <li
          class="item"
        >
          <h2>
            Coconut Blondie with Dark Chocolate
          </h2>
          <p>
            <span
              class="dietary"
            >
              gf
            </span>
            <span
              class="dietary"
            >
              v
            </span>
          </p>
        </li>
        <li
          class="item"
        >
          <h2>
            Cinnamon Swirl Muffin
          </h2>
          <p>
            <span
              class="dietary"
            >
              gf
            </span>
            <span
              class="dietary"
            >
              df
            </span>
          </p>
        </li>
        <li
          class="item"
        >
          <h2>
            Apple, Date and Walnut Muffin
          </h2>
          <p>
            <span
              class="dietary"
            >
              df
            </span>
            <span
              class="dietary"
            >
              gf
            </span>
            <span
              class="dietary"
            >
              n!
            </span>
            <span
              class="dietary"
            >
              v
            </span>
          </p>
        </li>
        <li
          class="item"
        >
          <h2>
            Blueberry and Banana Muffin
          </h2>
          <p>
            <span
              class="dietary"
            >
              v
            </span>
            <span
              class="dietary"
            >
              df
            </span>
            <span
              class="dietary"
            >
              gf
            </span>
          </p>
        </li>
        <li
          class="item"
        >
          <h2>
            Ombar Chocolate Bar - Dark 72%
          </h2>
          <p>
            <span
              class="dietary"
            >
              df
            </span>
            <span
              class="dietary"
            >
              ve
            </span>
            <span
              class="dietary"
            >
              gf
            </span>
          </p>
        </li>
        <li
          class="item"
        >
          <h2>
            Ombar Bar - Milk
          </h2>
          <p>
            <span
              class="dietary"
            >
              ve
            </span>
            <span
              class="dietary"
            >
              gf
            </span>
          </p>
        </li>
        <li
          class="item"
        >
          <h2>
            Dark Chocolate Brownie
          </h2>
          <p>
            <span
              class="dietary"
            >
              v
            </span>
            <span
              class="dietary"
            >
              gf
            </span>
          </p>
        </li>
        <li
          class="item"
        >
          <h2>
            Mangajo Pomegranate
          </h2>
          <p>
            <span
              class="dietary"
            >
              ve
            </span>
            <span
              class="dietary"
            >
              df
            </span>
            <span
              class="dietary"
            >
              gf
            </span>
          </p>
        </li>
        <li
          class="item"
        >
          <h2>
            Mangajo Acai
          </h2>
          <p>
            <span
              class="dietary"
            >
              ve
            </span>
            <span
              class="dietary"
            >
              v
            </span>
            <span
              class="dietary"
            >
              gf
            </span>
          </p>
        </li>
      </ul>
    </div>
  </body>,
  "container": <div>
    <ul
      class="item-picker"
    >
      <li
        class="item"
      >
        <h2>
          Kale Caesar Pasta, Turmeric Satay Broccoli & Lemon Cashew Greens
        </h2>
        <p>
          <span
            class="dietary"
          >
            v
          </span>
          <span
            class="dietary"
          >
            ve
          </span>
          <span
            class="dietary"
          >
            df
          </span>
          <span
            class="dietary"
          >
            gf
          </span>
          <span
            class="dietary"
          >
            n!
          </span>
        </p>
      </li>
      <li
        class="item"
      >
        <h2>
          Hake & Smoky Chickpeas, Brown Rice & Quinoa, Roasted Roots
        </h2>
        <p>
          <span
            class="dietary"
          >
            gf
          </span>
          <span
            class="dietary"
          >
            df
          </span>
          <span
            class="dietary"
          >
            rsf
          </span>
        </p>
      </li>
      <li
        class="item"
      >
        <h2>
          Dill & Swiss Chard Potato Cakes, Summer Tabbouleh & Roasted Roots
        </h2>
        <p>
          <span
            class="dietary"
          >
            gf
          </span>
          <span
            class="dietary"
          >
            df
          </span>
          <span
            class="dietary"
          >
            v
          </span>
          <span
            class="dietary"
          >
            ve
          </span>
          <span
            class="dietary"
          >
            n!
          </span>
        </p>
      </li>
      <li
        class="item"
      >
        <h2>
          Hake & Smoky Chickpeas, Herby Potatoes & Turmeric Satay Broccoli
        </h2>
        <p>
          <span
            class="dietary"
          >
            df
          </span>
          <span
            class="dietary"
          >
            gf
          </span>
          <span
            class="dietary"
          >
            rsf
          </span>
          <span
            class="dietary"
          >
            n!
          </span>
        </p>
      </li>
      <li
        class="item"
      >
        <h2>
          Cuban Beef, Brown Rice & Quinoa, Green Pepper & Butterbean Salad
        </h2>
        <p>
          <span
            class="dietary"
          >
            gf
          </span>
          <span
            class="dietary"
          >
            df
          </span>
        </p>
      </li>
      <li
        class="item"
      >
        <h2>
          Thai Chicken, Brown Rice & Quinoa, Lemon & Cashew Greens
        </h2>
        <p>
          <span
            class="dietary"
          >
            gf
          </span>
          <span
            class="dietary"
          >
            df
          </span>
          <span
            class="dietary"
          >
            rsf
          </span>
          <span
            class="dietary"
          >
            n!
          </span>
        </p>
      </li>
      <li
        class="item"
      >
        <h2>
          Cuban Beef, Herby Potatoes & Turmeric Satay Broccoli
        </h2>
        <p>
          <span
            class="dietary"
          >
            gf
          </span>
          <span
            class="dietary"
          >
            df
          </span>
          <span
            class="dietary"
          >
            n!
          </span>
        </p>
      </li>
      <li
        class="item"
      >
        <h2>
          Thai Chicken, Brown Rice & Quinoa & Turmeric Satay Broccolli
        </h2>
        <p>
          <span
            class="dietary"
          >
            gf
          </span>
          <span
            class="dietary"
          >
            df
          </span>
          <span
            class="dietary"
          >
            rsf
          </span>
          <span
            class="dietary"
          >
            n!
          </span>
        </p>
      </li>
      <li
        class="item"
      >
        <h2>
          Mackerel Salad Box
        </h2>
        <p>
          <span
            class="dietary"
          >
            gf
          </span>
          <span
            class="dietary"
          >
            df
          </span>
        </p>
      </li>
      <li
        class="item"
      >
        <h2>
          Pasta Salad Box
        </h2>
        <p>
          <span
            class="dietary"
          >
            ve
          </span>
          <span
            class="dietary"
          >
            v
          </span>
          <span
            class="dietary"
          >
            gf
          </span>
          <span
            class="dietary"
          >
            df
          </span>
        </p>
      </li>
      <li
        class="item"
      >
        <h2>
          Tuna Salad Box
        </h2>
        <p />
      </li>
      <li
        class="item"
      >
        <h2>
          Coconut Blondie with Dark Chocolate
        </h2>
        <p>
          <span
            class="dietary"
          >
            gf
          </span>
          <span
            class="dietary"
          >
            v
          </span>
        </p>
      </li>
      <li
        class="item"
      >
        <h2>
          Cinnamon Swirl Muffin
        </h2>
        <p>
          <span
            class="dietary"
          >
            gf
          </span>
          <span
            class="dietary"
          >
            df
          </span>
        </p>
      </li>
      <li
        class="item"
      >
        <h2>
          Apple, Date and Walnut Muffin
        </h2>
        <p>
          <span
            class="dietary"
          >
            df
          </span>
          <span
            class="dietary"
          >
            gf
          </span>
          <span
            class="dietary"
          >
            n!
          </span>
          <span
            class="dietary"
          >
            v
          </span>
        </p>
      </li>
      <li
        class="item"
      >
        <h2>
          Blueberry and Banana Muffin
        </h2>
        <p>
          <span
            class="dietary"
          >
            v
          </span>
          <span
            class="dietary"
          >
            df
          </span>
          <span
            class="dietary"
          >
            gf
          </span>
        </p>
      </li>
      <li
        class="item"
      >
        <h2>
          Ombar Chocolate Bar - Dark 72%
        </h2>
        <p>
          <span
            class="dietary"
          >
            df
          </span>
          <span
            class="dietary"
          >
            ve
          </span>
          <span
            class="dietary"
          >
            gf
          </span>
        </p>
      </li>
      <li
        class="item"
      >
        <h2>
          Ombar Bar - Milk
        </h2>
        <p>
          <span
            class="dietary"
          >
            ve
          </span>
          <span
            class="dietary"
          >
            gf
          </span>
        </p>
      </li>
      <li
        class="item"
      >
        <h2>
          Dark Chocolate Brownie
        </h2>
        <p>
          <span
            class="dietary"
          >
            v
          </span>
          <span
            class="dietary"
          >
            gf
          </span>
        </p>
      </li>
      <li
        class="item"
      >
        <h2>
          Mangajo Pomegranate
        </h2>
        <p>
          <span
            class="dietary"
          >
            ve
          </span>
          <span
            class="dietary"
          >
            df
          </span>
          <span
            class="dietary"
          >
            gf
          </span>
        </p>
      </li>
      <li
        class="item"
      >
        <h2>
          Mangajo Acai
        </h2>
        <p>
          <span
            class="dietary"
          >
            ve
          </span>
          <span
            class="dietary"
          >
            v
          </span>
          <span
            class="dietary"
          >
            gf
          </span>
        </p>
      </li>
    </ul>
  </div>,
  "debug": [Function],
  "findAllByAltText": [Function],
  "findAllByDisplayValue": [Function],
  "findAllByLabelText": [Function],
  "findAllByPlaceholderText": [Function],
  "findAllByRole": [Function],
  "findAllByTestId": [Function],
  "findAllByText": [Function],
  "findAllByTitle": [Function],
  "findByAltText": [Function],
  "findByDisplayValue": [Function],
  "findByLabelText": [Function],
  "findByPlaceholderText": [Function],
  "findByRole": [Function],
  "findByTestId": [Function],
  "findByText": [Function],
  "findByTitle": [Function],
  "getAllByAltText": [Function],
  "getAllByDisplayValue": [Function],
  "getAllByLabelText": [Function],
  "getAllByPlaceholderText": [Function],
  "getAllByRole": [Function],
  "getAllByTestId": [Function],
  "getAllByText": [Function],
  "getAllByTitle": [Function],
  "getByAltText": [Function],
  "getByDisplayValue": [Function],
  "getByLabelText": [Function],
  "getByPlaceholderText": [Function],
  "getByRole": [Function],
  "getByTestId": [Function],
  "getByText": [Function],
  "getByTitle": [Function],
  "queryAllByAltText": [Function],
  "queryAllByDisplayValue": [Function],
  "queryAllByLabelText": [Function],
  "queryAllByPlaceholderText": [Function],
  "queryAllByRole": [Function],
  "queryAllByTestId": [Function],
  "queryAllByText": [Function],
  "queryAllByTitle": [Function],
  "queryByAltText": [Function],
  "queryByDisplayValue": [Function],
  "queryByLabelText": [Function],
  "queryByPlaceholderText": [Function],
  "queryByRole": [Function],
  "queryByTestId": [Function],
  "queryByText": [Function],
  "queryByTitle": [Function],
  "rerender": [Function],
  "unmount": [Function],
}
`;
